******************************************************************************
                  TI ARM Linker PC v5.2.7                      
******************************************************************************
>> Linked Wed Mar 30 02:27:11 2016

OUTPUT FILE NAME:   <Embarcados_01_blink.out>
ENTRY POINT SYMBOL: "_c_int00"  address: 00000555


MEMORY CONFIGURATION

         name            origin    length      used     unused   attr    fill
----------------------  --------  ---------  --------  --------  ----  --------
  FLASH                 00000000   00040000  000006c8  0003f938  R  X
  SRAM                  20000000   00008000  00000218  00007de8  RW X


SEGMENT ALLOCATION MAP

run origin  load origin   length   init length attrs members
----------  ----------- ---------- ----------- ----- -------
00000000    00000000    000006c8   000006c8    r-x
  00000000    00000000    0000026c   0000026c    r-- .intvecs
  0000026c    0000026c    00000424   00000424    r-x .text
  00000690    00000690    00000038   00000038    r-- .cinit
20000000    20000000    00000218   00000000    rw-
  20000000    20000000    00000200   00000000    rw- .stack
  20000200    20000200    00000014   00000000    rw- .data
  20000214    20000214    00000004   00000000    rw- .bss


SECTION ALLOCATION MAP

 output                                  attributes/
section   page    origin      length       input sections
--------  ----  ----------  ----------   ----------------
.intvecs   0    00000000    0000026c     
                  00000000    0000026c     tm4c123gh6pm_startup_ccs.obj (.intvecs)

.text      0    0000026c    00000424     
                  0000026c    000000f8     main.obj (.text)
                  00000364    0000009c     rtsv7M4_T_le_v4SPD16_eabi.lib : memcpy_t2.obj (.text)
                  00000400    0000007a                                   : memset_t2.obj (.text)
                  0000047a    00000002     --HOLE-- [fill = 0]
                  0000047c    0000006c                                   : autoinit.obj (.text)
                  000004e8    0000006a                                   : copy_decompress_rle.obj (.text)
                  00000552    00000002     --HOLE-- [fill = 0]
                  00000554    00000050                                   : boot.obj (.text)
                  000005a4    0000004c                                   : cpy_tbl.obj (.text)
                  000005f0    00000044                                   : exit.obj (.text)
                  00000634    00000018                                   : args_main.obj (.text)
                  0000064c    00000014                                   : _lock.obj (.text)
                  00000660    0000000e                                   : copy_decompress_none.obj (.text:decompress:none)
                  0000066e    0000000c                                   : copy_zero_init.obj (.text:decompress:ZI)
                  0000067a    0000000c     tm4c123gh6pm_startup_ccs.obj (.text)
                  00000686    00000006     rtsv7M4_T_le_v4SPD16_eabi.lib : copy_decompress_rle.obj (.text:decompress:rle24)
                  0000068c    00000004                                   : pre_init.obj (.text)

.cinit     0    00000690    00000038     
                  00000690    0000000f     (.cinit..data.load) [load image, compression = rle]
                  0000069f    00000001     --HOLE-- [fill = 0]
                  000006a0    0000000c     (__TI_handler_table)
                  000006ac    00000004     --HOLE-- [fill = 0]
                  000006b0    00000008     (.cinit..bss.load) [load image, compression = zero_init]
                  000006b8    00000010     (__TI_cinit_table)

.init_array 
*          0    00000000    00000000     UNINITIALIZED

.stack     0    20000000    00000200     UNINITIALIZED
                  20000000    00000200     --HOLE--

.data      0    20000200    00000014     UNINITIALIZED
                  20000200    00000008     rtsv7M4_T_le_v4SPD16_eabi.lib : _lock.obj (.data)
                  20000208    00000008                                   : exit.obj (.data)
                  20000210    00000004                                   : stkdepth_vars.obj (.data)

.bss       0    20000214    00000004     UNINITIALIZED
                  20000214    00000004     (.common:ui32Loop)

.TI.persistent 
*          0    20000200    00000000     UNINITIALIZED

.TI.noinit 
*          0    20000214    00000000     UNINITIALIZED


LINKER GENERATED COPY TABLES

__TI_cinit_table @ 000006b8 records: 2, size/record: 8, table size: 16
	.data: load addr=00000690, load size=0000000f bytes, run addr=20000200, run size=00000014 bytes, compression=rle
	.bss: load addr=000006b0, load size=00000008 bytes, run addr=20000214, run size=00000004 bytes, compression=zero_init


LINKER GENERATED HANDLER TABLE

__TI_handler_table @ 000006a0 records: 3, size/record: 4, table size: 12
	index: 0, handler: __TI_decompress_rle24
	index: 1, handler: __TI_decompress_none
	index: 2, handler: __TI_zero_init


GLOBAL SYMBOLS: SORTED ALPHABETICALLY BY Name 

address   name                    
-------   ----                    
000005f1  C$$EXIT                 
0000067b  ResetISR                
UNDEFED   SHT$$INIT_ARRAY$$Base   
UNDEFED   SHT$$INIT_ARRAY$$Limit  
20000200  __STACK_END             
00000200  __STACK_SIZE            
20000200  __STACK_TOP             
000006b8  __TI_CINIT_Base         
000006c8  __TI_CINIT_Limit        
000006a0  __TI_Handler_Table_Base 
000006ac  __TI_Handler_Table_Limit
0000047d  __TI_auto_init          
20000208  __TI_cleanup_ptr        
00000661  __TI_decompress_none    
00000687  __TI_decompress_rle24   
2000020c  __TI_dtors_ptr          
00000000  __TI_static_base__      
0000066f  __TI_zero_init          
00000401  __aeabi_memclr          
00000401  __aeabi_memclr4         
00000401  __aeabi_memclr8         
00000365  __aeabi_memcpy          
00000365  __aeabi_memcpy4         
00000365  __aeabi_memcpy8         
00000403  __aeabi_memset          
00000403  __aeabi_memset4         
00000403  __aeabi_memset8         
ffffffff  __binit__               
ffffffff  __c_args__              
20000000  __stack                 
00000635  _args_main              
00000555  _c_int00                
20000200  _lock                   
0000065b  _nop                    
00000653  _register_lock          
0000064d  _register_unlock        
0000068d  _system_pre_init        
20000204  _unlock                 
000005f5  abort                   
ffffffff  binit                   
000005a5  copy_in                 
000005fd  exit                    
00000000  g_pfnVectors            
0000026d  main                    
20000210  main_func_sp            
00000365  memcpy                  
00000409  memset                  
20000214  ui32Loop                


GLOBAL SYMBOLS: SORTED BY Symbol Address 

address   name                    
-------   ----                    
00000000  __TI_static_base__      
00000000  g_pfnVectors            
00000200  __STACK_SIZE            
0000026d  main                    
00000365  __aeabi_memcpy          
00000365  __aeabi_memcpy4         
00000365  __aeabi_memcpy8         
00000365  memcpy                  
00000401  __aeabi_memclr          
00000401  __aeabi_memclr4         
00000401  __aeabi_memclr8         
00000403  __aeabi_memset          
00000403  __aeabi_memset4         
00000403  __aeabi_memset8         
00000409  memset                  
0000047d  __TI_auto_init          
00000555  _c_int00                
000005a5  copy_in                 
000005f1  C$$EXIT                 
000005f5  abort                   
000005fd  exit                    
00000635  _args_main              
0000064d  _register_unlock        
00000653  _register_lock          
0000065b  _nop                    
00000661  __TI_decompress_none    
0000066f  __TI_zero_init          
0000067b  ResetISR                
00000687  __TI_decompress_rle24   
0000068d  _system_pre_init        
000006a0  __TI_Handler_Table_Base 
000006ac  __TI_Handler_Table_Limit
000006b8  __TI_CINIT_Base         
000006c8  __TI_CINIT_Limit        
20000000  __stack                 
20000200  __STACK_END             
20000200  __STACK_TOP             
20000200  _lock                   
20000204  _unlock                 
20000208  __TI_cleanup_ptr        
2000020c  __TI_dtors_ptr          
20000210  main_func_sp            
20000214  ui32Loop                
ffffffff  __binit__               
ffffffff  __c_args__              
ffffffff  binit                   
UNDEFED   SHT$$INIT_ARRAY$$Base   
UNDEFED   SHT$$INIT_ARRAY$$Limit  

[48 symbols]
