******************************************************************************
                  TI ARM Linker PC v5.2.7                      
******************************************************************************
>> Linked Wed Mar 30 02:27:45 2016

OUTPUT FILE NAME:   <Embarcados_01_blink_tivaware.out>
ENTRY POINT SYMBOL: "_c_int00"  address: 00000639


MEMORY CONFIGURATION

         name            origin    length      used     unused   attr    fill
----------------------  --------  ---------  --------  --------  ----  --------
  FLASH                 00000000   00040000  0000082a  0003f7d6  R  X
  SRAM                  20000000   00008000  00000218  00007de8  RW X


SEGMENT ALLOCATION MAP

run origin  load origin   length   init length attrs members
----------  ----------- ---------- ----------- ----- -------
00000000    00000000    00000830   00000830    r-x
  00000000    00000000    0000026c   0000026c    r-- .intvecs
  0000026c    0000026c    00000586   00000586    r-x .text
  000007f8    000007f8    00000038   00000038    r-- .cinit
20000000    20000000    00000218   00000000    rw-
  20000000    20000000    00000200   00000000    rw- .stack
  20000200    20000200    00000014   00000000    rw- .data
  20000214    20000214    00000004   00000000    rw- .bss


SECTION ALLOCATION MAP

 output                                  attributes/
section   page    origin      length       input sections
--------  ----  ----------  ----------   ----------------
.intvecs   0    00000000    0000026c     
                  00000000    0000026c     tm4c123gh6pm_startup_ccs.obj (.intvecs)

.text      0    0000026c    00000586     
                  0000026c    00000132     driverlib.lib : gpio.obj (.text:GPIOPadConfigSet)
                  0000039e    00000002     --HOLE-- [fill = 0]
                  000003a0    000000a8     main.obj (.text)
                  00000448    0000009c     rtsv7M4_T_le_v4SPD16_eabi.lib : memcpy_t2.obj (.text)
                  000004e4    0000007a                                   : memset_t2.obj (.text)
                  0000055e    00000002     --HOLE-- [fill = 0]
                  00000560    0000006c                                   : autoinit.obj (.text)
                  000005cc    0000006a                                   : copy_decompress_rle.obj (.text)
                  00000636    00000002     --HOLE-- [fill = 0]
                  00000638    00000050                                   : boot.obj (.text)
                  00000688    0000004c                                   : cpy_tbl.obj (.text)
                  000006d4    00000044                                   : exit.obj (.text)
                  00000718    00000034     driverlib.lib : sysctl.obj (.text:SysCtlPeripheralEnable)
                  0000074c    0000002a                   : gpio.obj (.text:GPIODirModeSet)
                  00000776    00000018                   : gpio.obj (.text:GPIOPinTypeGPIOOutput)
                  0000078e    00000002     --HOLE-- [fill = 0]
                  00000790    00000018     rtsv7M4_T_le_v4SPD16_eabi.lib : args_main.obj (.text)
                  000007a8    00000014                                   : _lock.obj (.text)
                  000007bc    0000000e                                   : copy_decompress_none.obj (.text:decompress:none)
                  000007ca    0000000c                                   : copy_zero_init.obj (.text:decompress:ZI)
                  000007d6    0000000c     tm4c123gh6pm_startup_ccs.obj (.text)
                  000007e2    00000006     driverlib.lib : gpio.obj (.text:GPIOPinWrite)
                  000007e8    00000006     rtsv7M4_T_le_v4SPD16_eabi.lib : copy_decompress_rle.obj (.text:decompress:rle24)
                  000007ee    00000004                                   : pre_init.obj (.text)

.cinit     0    000007f8    00000038     
                  000007f8    0000000f     (.cinit..data.load) [load image, compression = rle]
                  00000807    00000001     --HOLE-- [fill = 0]
                  00000808    0000000c     (__TI_handler_table)
                  00000814    00000004     --HOLE-- [fill = 0]
                  00000818    00000008     (.cinit..bss.load) [load image, compression = zero_init]
                  00000820    00000010     (__TI_cinit_table)

.init_array 
*          0    00000000    00000000     UNINITIALIZED

.stack     0    20000000    00000200     UNINITIALIZED
                  20000000    00000200     --HOLE--

.data      0    20000200    00000014     UNINITIALIZED
                  20000200    00000008     rtsv7M4_T_le_v4SPD16_eabi.lib : _lock.obj (.data)
                  20000208    00000008                                   : exit.obj (.data)
                  20000210    00000004                                   : stkdepth_vars.obj (.data)

.bss       0    20000214    00000004     UNINITIALIZED
                  20000214    00000004     (.common:ui32Loop)

.TI.persistent 
*          0    20000200    00000000     UNINITIALIZED

.TI.noinit 
*          0    20000214    00000000     UNINITIALIZED


LINKER GENERATED COPY TABLES

__TI_cinit_table @ 00000820 records: 2, size/record: 8, table size: 16
	.data: load addr=000007f8, load size=0000000f bytes, run addr=20000200, run size=00000014 bytes, compression=rle
	.bss: load addr=00000818, load size=00000008 bytes, run addr=20000214, run size=00000004 bytes, compression=zero_init


LINKER GENERATED HANDLER TABLE

__TI_handler_table @ 00000808 records: 3, size/record: 4, table size: 12
	index: 0, handler: __TI_decompress_rle24
	index: 1, handler: __TI_decompress_none
	index: 2, handler: __TI_zero_init


GLOBAL SYMBOLS: SORTED ALPHABETICALLY BY Name 

address   name                    
-------   ----                    
000006d5  C$$EXIT                 
0000074d  GPIODirModeSet          
0000026d  GPIOPadConfigSet        
00000777  GPIOPinTypeGPIOOutput   
000007e3  GPIOPinWrite            
000007d7  ResetISR                
UNDEFED   SHT$$INIT_ARRAY$$Base   
UNDEFED   SHT$$INIT_ARRAY$$Limit  
00000719  SysCtlPeripheralEnable  
20000200  __STACK_END             
00000200  __STACK_SIZE            
20000200  __STACK_TOP             
00000820  __TI_CINIT_Base         
00000830  __TI_CINIT_Limit        
00000808  __TI_Handler_Table_Base 
00000814  __TI_Handler_Table_Limit
00000561  __TI_auto_init          
20000208  __TI_cleanup_ptr        
000007bd  __TI_decompress_none    
000007e9  __TI_decompress_rle24   
2000020c  __TI_dtors_ptr          
00000000  __TI_static_base__      
000007cb  __TI_zero_init          
000004e5  __aeabi_memclr          
000004e5  __aeabi_memclr4         
000004e5  __aeabi_memclr8         
00000449  __aeabi_memcpy          
00000449  __aeabi_memcpy4         
00000449  __aeabi_memcpy8         
000004e7  __aeabi_memset          
000004e7  __aeabi_memset4         
000004e7  __aeabi_memset8         
ffffffff  __binit__               
ffffffff  __c_args__              
20000000  __stack                 
00000791  _args_main              
00000639  _c_int00                
20000200  _lock                   
000007b7  _nop                    
000007af  _register_lock          
000007a9  _register_unlock        
000007ef  _system_pre_init        
20000204  _unlock                 
000006d9  abort                   
ffffffff  binit                   
00000689  copy_in                 
000006e1  exit                    
00000000  g_pfnVectors            
000003a1  main                    
20000210  main_func_sp            
00000449  memcpy                  
000004ed  memset                  
20000214  ui32Loop                


GLOBAL SYMBOLS: SORTED BY Symbol Address 

address   name                    
-------   ----                    
00000000  __TI_static_base__      
00000000  g_pfnVectors            
00000200  __STACK_SIZE            
0000026d  GPIOPadConfigSet        
000003a1  main                    
00000449  __aeabi_memcpy          
00000449  __aeabi_memcpy4         
00000449  __aeabi_memcpy8         
00000449  memcpy                  
000004e5  __aeabi_memclr          
000004e5  __aeabi_memclr4         
000004e5  __aeabi_memclr8         
000004e7  __aeabi_memset          
000004e7  __aeabi_memset4         
000004e7  __aeabi_memset8         
000004ed  memset                  
00000561  __TI_auto_init          
00000639  _c_int00                
00000689  copy_in                 
000006d5  C$$EXIT                 
000006d9  abort                   
000006e1  exit                    
00000719  SysCtlPeripheralEnable  
0000074d  GPIODirModeSet          
00000777  GPIOPinTypeGPIOOutput   
00000791  _args_main              
000007a9  _register_unlock        
000007af  _register_lock          
000007b7  _nop                    
000007bd  __TI_decompress_none    
000007cb  __TI_zero_init          
000007d7  ResetISR                
000007e3  GPIOPinWrite            
000007e9  __TI_decompress_rle24   
000007ef  _system_pre_init        
00000808  __TI_Handler_Table_Base 
00000814  __TI_Handler_Table_Limit
00000820  __TI_CINIT_Base         
00000830  __TI_CINIT_Limit        
20000000  __stack                 
20000200  __STACK_END             
20000200  __STACK_TOP             
20000200  _lock                   
20000204  _unlock                 
20000208  __TI_cleanup_ptr        
2000020c  __TI_dtors_ptr          
20000210  main_func_sp            
20000214  ui32Loop                
ffffffff  __binit__               
ffffffff  __c_args__              
ffffffff  binit                   
UNDEFED   SHT$$INIT_ARRAY$$Base   
UNDEFED   SHT$$INIT_ARRAY$$Limit  

[53 symbols]
